
> enhanced-form-builder@0.1.0 start
> react-scripts start

Something is already running on port 3000.
